local:
  username: dbuser
  password: secret-local
