dev:
  username: dbuser
  password: secret-dev
local:
  username: dbuser
  password: secret-local
